n/casaPerros59.JPG
n/casaPerros58.JPG
n/casaPerros57.JPG
n/casaPerros56.JPG
n/casaPerros55.JPG
n/casaPerros54.JPG
n/casaPerros53.JPG
n/casaPerros52.JPG
n/casaPerros51.JPG
n/casaPerros50.JPG
n/casaPerros49.JPG
n/casaPerros48.jpg
n/4368790842_0db05744a6_b.jpg
n/casaPerros47.jpg
n/casaPerros46.jpg
n/casaPerros45.jpg
n/casaPerros44.jpg
n/casaPerros43.jpg
n/casaPerros42.jpg
n/casaPerros41.jpg
n/casaPerros40.jpg
n/1574233355894.jpg
n/casaPerros38.jpg
n/casaPerros37.jpg
n/casaPerros36.jpg
n/casaPerros35.jpg
n/casaPerros34.jpg
n/casaPerros33.jpg
n/casaPerros32.jpg
n/casaPerro32.jpg
n/casaPerros31.JPG
n/casaPerros30.jpg
n/casaPerros29.jpg
n/casaPerros28.jpg
n/casaPerros27.jpg
n/casaPerros26.jpg
n/casaPerros25.jpg
n/casaPerros24.jpg
n/casaPerros23.jpg
n/casaPerros22.jpg
n/casaPerros21.jpg
n/casaPerros.jpg
n/casaPerros20.jpg
n/casaPerros19.JPG
n/Cabañas.jpg
n/casaPerros17.JPG
n/c18.jpg
n/c17.jpg
n/c16.jpg
n/casaPerros16.JPG
n/c15.jpg
n/c14.jpg
n/c13.jpg
n/c12.jpg
n/c11.jpg
n/c10.jpg
n/c9.jpg
n/c8.jpg
n/casaPerros15.JPG
n/c7.jpg
n/c6.jpg
n/c5.jpg
n/c4.jpg
n/c3.jpg
n/casaPerros14.JPG
n/casaPerros13.JPG
n/expiatorio40.jpg
n/casaPerros12.JPG
n/expiatorio39.jpg
n/expiatorio38.jpg
n/expiatorio37.jpg
n/expiatorio36.jpg
n/casaPerros11.JPG
n/expiatorio35.jpg
n/expiatorio34.jpg
n/casaPerros10.JPG
n/expiatorio33.jpg
n/expiatorio32.jpg
n/casaPerros9.JPG
n/casaPerros8.JPG
n/expiatorio31.jpg
n/expiatorio30.jpg
n/expiatorio29.jpg
n/expiatorio28.jpg
n/casaPerros7.JPG
n/expiatorio27.jpg
n/casaPerros6.JPG
n/expiatorio26.jpg
n/expiatorio25.jpg
n/expiatorio24.jpg
n/casaPerros5.JPG
n/expiatorio23.jpg
n/casaPerros4.JPG
n/expiatorio22.jpg
n/expiatorio21.jpg
n/expiatorio20.jpg
n/expiatorio19.jpg
n/casaPerros3.JPG
n/casaPerros2.JPG
n/expiatorio17.jpg
n/expiatorio18.jpg
n/casaPerros1.JPG
n/expiatorio16.jpg
n/expiatorio15.jpg
n/expiatorio14.jpg
n/expiatorio13.jpg
n/expiatorio12.jpg
n/expiatorio11.jpg
n/expiatorio.jpg
n/biblio70.JPG
n/biblio69.JPG
n/biblio68.JPG
n/biblio67.JPG
n/biblio66.JPG
n/biblio65.JPG
n/biblio64.jpg
n/biblio63.jpg
n/biblio62.jpg
n/biblio61.jpg
n/biblio60.jpg
n/biblio59.jpg
n/biblio58.jpg
n/biblio57.jpg
n/biblio56.jpg
n/biblio55.jpg
n/biblio54.jpg
n/biblio53.jpg
n/biblio52.jpg
n/biblio51.jpg
n/biblio50.jpg
n/biblio49.jpg
n/biblio48.jpg
n/biblio47.jpg
n/biblio46.jpg
n/biblio45.jpg
n/biblio44.jpg
n/biblio43.jpg
n/biblio42.jpg
n/biblio41.jpg
n/biblio40.jpg
n/biblio39.jpg
n/biblio38.jpg
n/biblio37.jpg
n/biblio36.jpg
n/biblio35.jpg
n/biblio34.jpeg
n/biblio33.jpg
n/biblio32.jpg
n/biblio31.jpg
n/biblio30.jpg
n/biblio29.jpg
n/biblio28.jpg
n/biblio27.jpg
n/biblio26.JPG
n/biblio25.jpg
n/biblio24.jpg
n/biblio23.jpg
n/biblio22.jpg
n/biblio21.jpg
n/biblio20.jpg
n/biblio19.jpg
n/biblio18.jpg
n/biblio17.jpg
n/biblio15.jpg
n/biblio14.jpg
n/biblio13.JPG
n/biblio12.JPG
n/biblio11.JPG
n/biblio10.JPG
n/biblio9.JPG
n/biblio7.JPG
n/biblio6.JPG
n/biblio5.JPG
n/biblio8.JPG
n/biblio4.JPG
n/biblio3.JPG
n/biblio2.JPG
n/biblio1.JPG
n/degollado36.jpg
n/degollado35.jpg
n/degollado34.jpg
n/degollado33.jpg
n/degollado32.jpg
n/degollado31.jpg
n/degollado30.jpg
n/degollado29.jpg
n/degollado28.jpg
n/degollado27.jpg
n/degollado26.jpg
n/degollado25.jpg
n/degollado24.jpg
n/degollado23.jpg
n/degollado22.jpg
n/degollado21.jpg
n/degollado20.jpg
n/degollado19.jpg
n/degollado18.jpg
n/degollado17.jpg
n/degollado16.jpg
n/degollado15.jpg
n/degollado14.jpg
n/degollado13.jpg
n/degollado12.jpg
n/degollado11.jpg
n/degollado10.jpg
n/parqueMor30.jpg
n/parqueMor29.jpg
n/parqueMor28.jpg
n/parqueMor27.jpg
n/parqueMor26.jpeg
n/parqueMor25.jpg
n/parqueMor24.jpg
n/ParqueMor23.jpg
n/ParqueMor22.jpg
n/parqueMor21.jpg
n/parqueMor20.jpg
n/parqueMor19.jpg
n/parqueMor18.jpg
n/parqueMor17.jpg
n/parqueMor16.jpg
n/parqueMor15.jpg
n/1574232139831.jpg
n/TXoer9YQ1lUFamLgFIraB_xLSTVF2o1kJYpiM-k1BZU.jpg
n/1574232224254.jpg
n/1574232224239.jpg
n/1574232183322.jpg
n/1574232183315.jpg
n/1574232183299.jpg
n/1574232176289.jpg
n/1574232176283.jpg
n/1574232176267.jpg
n/1574232139815.jpg
n/IMG_20191017_174615.jpg
n/IMG_20191021_173044.jpg
n/IMG_20191021_173154.jpg
n/IMG_20191021_173229.jpg
n/IMG_20191021_173345.jpg
n/IMG_20191023_180311.jpg
n/IMG_20191023_180425.jpg
n/IMG_20191023_180454.jpg
n/IMG_20191023_180142.jpg
n/cabañas16.jpg
n/cabañas15.jpg
n/cabañas14.jpg
n/cabañas17.jpg
n/cabañas13.jpg
n/cabañas12.jpg
n/mercadoCor8.jpg
n/mercadoCor7.jpg
n/mercadoCor6.jpg
n/mercadoCor5.jpg
n/mercadoCor4.jpg
n/mercadoCor3.jpg
n/mercadoCor2.jpg
n/mercadoCor1.jpg
n/ccd7.jpg
n/ccd6.jpg
n/ccd5.jpg
n/ccd4.jpg
n/ccd3.jpg
n/ccd2.jpg
n/ccd1.jpg
n/musa10.jpg
n/musa9.jpg
n/musa8.jpg
n/musa7.jpg
n/musa6.jpg
n/musa5.jpg
n/musa4.jpg
n/musa3.jpg
n/musa2.jpg
n/musa1.jpg
n/parqueMor3.jpg
n/parqueMor2.jpg
n/parqueMor5.jpg
n/parqueMor4.jpg
n/parqueMor6.jpg
n/parqueMor7.jpg
n/parqueMor8.jpg
n/parqueMor9.jpg
n/parqueMor10.jpg
n/parqueMor11.jpg
n/parqueMor12.jpg
n/parqueMor13.jpg
n/parqueMor14.jpg
n/parqueMor1.jpg
n/sanJuan6.jpg
n/sanJuan5.jpg
n/sanJuan4.jpg
n/sanJuan3.jpg
n/sanJuan2.jpg
n/sanJuan1.jpg
n/expiatorio10.jpg
n/expiatorio9.jpg
n/expiatorio8.jpg
n/expiatorio7.jpg
n/expiatorio6.jpg
n/expiatorio5.jpg
n/expiatorio4.jpg
n/expiatorio3.jpg
n/expiatorio2.jpg
n/expiatorio1.jpg
n/degollado2.jpg
n/degollado3.jpg
n/degollado4.jpg
n/degollado5.jpg
n/degollado6.jpg
n/degollado7.jpg
n/degollado8.jpg
n/degollado9.jpg
n/degollado1.jpg
n/cabañas11.jpg
n/cabañas10.jpg
n/cabañas9.jpg
n/cabañas8.jpg
n/cabañas7.jpg
n/cabañas6.jpg
n/cabañas5.jpg
n/cabañas3.jpg
n/cabañas4.jpg
n/cabañas2.jpg
n/cabañas1.jpg
n/1.jpeg
n/2.jpeg
n/3.jpeg
n/4.jpeg
n/5.jpeg
n/6.jpeg
n/4.jpg
n/3.jpg
n/5.JPG
n/6.jpg
n/1.jpg
n/2.jpg
n/IMG_2995.jpg
n/IMG_1662.jpg
n/IMG_1661.jpg
n/IMG_20190510_212218275_HDR.jpg